「模拟日志」[2018-08-18 12:59:44.582063964 +0800 CST m=+415.720985623] 第[1]行日志
「模拟日志」[2018-08-18 12:59:45.082232435 +0800 CST m=+416.221154094] 第[2]行日志
「模拟日志」[2018-08-18 12:59:45.582371646 +0800 CST m=+416.721293303] 第[3]行日志
「模拟日志」[2018-08-18 12:59:46.08257794 +0800 CST m=+417.221499608] 第[4]行日志
「模拟日志」[2018-08-18 12:59:46.582829392 +0800 CST m=+417.721751104] 第[5]行日志
「模拟日志」[2018-08-18 12:59:47.082992077 +0800 CST m=+418.221913736] 第[6]行日志
「模拟日志」[2018-08-18 12:59:47.58324046 +0800 CST m=+418.722162117] 第[7]行日志
「模拟日志」[2018-08-18 12:59:48.083707353 +0800 CST m=+419.222629041] 第[8]行日志
「模拟日志」[2018-08-18 12:59:48.583879065 +0800 CST m=+419.722800723] 第[9]行日志
